



<p>My cat is small.</p>

<p>My dog is medium.</p>

<p>My horse is large.</p>

<p>But all of them have things that are small, medium and large in relation to their own size.</p>

<hr />

<p>But which is the biggest size? large</p>