<!doctype html>
<h1>Test for global variable replacement</h1>
<p>onetwo</p>
<div>
	<ul>
		<li>three</li>
		<li></li>
	</ul>
</div>